// Vitest Snapshot v1, https://vitest.dev/guide/snapshot.html

exports[`OCR fixtures (golden) > keeps parsing stable for all saved fixtures 1`] = `
[
  {
    "candidates": [
      {
        "currentJobStoreId": "soda-brewery",
        "dreamJobStoreId": "cake-studio",
        "issues": [],
        "name": "Alice Wonderland",
        "selected": true,
      },
    ],
    "fileName": "example.json",
  },
  {
    "candidates": [
      {
        "currentJobStoreId": null,
        "dreamJobStoreId": "bowling-alley",
        "issues": [],
        "name": "A MCKINNEY",
        "selected": true,
      },
      {
        "currentJobStoreId": "donut-shop",
        "dreamJobStoreId": "donut-shop",
        "issues": [],
        "name": "AMBER MILLER",
        "selected": true,
      },
      {
        "currentJobStoreId": "seafood",
        "dreamJobStoreId": "seafood",
        "issues": [],
        "name": "ANDY BELL",
        "selected": true,
      },
      {
        "currentJobStoreId": "mexican-food",
        "dreamJobStoreId": "sky-burger",
        "issues": [],
        "name": "ANNA BRYANT",
        "selected": true,
      },
      {
        "currentJobStoreId": "pub",
        "dreamJobStoreId": "pub",
        "issues": [],
        "name": "B CUNNINGHAM",
        "selected": true,
      },
      {
        "currentJobStoreId": "cheese-shop",
        "dreamJobStoreId": "night-club",
        "issues": [],
        "name": "BOB MARTIN",
        "selected": true,
      },
      {
        "currentJobStoreId": "bbq-place",
        "dreamJobStoreId": "smoothie-shop",
        "issues": [],
        "name": "BRYAN PEARSON",
        "selected": true,
      },
      {
        "currentJobStoreId": null,
        "dreamJobStoreId": "paintball-arena",
        "issues": [],
        "name": "ISAAC FRANKLIN",
        "selected": true,
      },
      {
        "currentJobStoreId": "pub",
        "dreamJobStoreId": "pub",
        "issues": [],
        "name": "LAURIE CHAVEZ",
        "selected": true,
      },
      {
        "currentJobStoreId": "airline-food",
        "dreamJobStoreId": "airline-food",
        "issues": [],
        "name": "NATHAN FLEMING",
        "selected": true,
      },
      {
        "currentJobStoreId": "vegan-food",
        "dreamJobStoreId": "vegan-food",
        "issues": [],
        "name": "RAMON STONE",
        "selected": true,
      },
      {
        "currentJobStoreId": "donut-shop",
        "dreamJobStoreId": "donut-shop",
        "issues": [],
        "name": "RENE HART",
        "selected": true,
      },
      {
        "currentJobStoreId": null,
        "dreamJobStoreId": "night-club",
        "issues": [],
        "name": "RONNIE WADE",
        "selected": true,
      },
      {
        "currentJobStoreId": null,
        "dreamJobStoreId": "cineplex",
        "issues": [],
        "name": "TOMMY MAY",
        "selected": true,
      },
      {
        "currentJobStoreId": null,
        "dreamJobStoreId": "cineplex",
        "issues": [],
        "name": "V FLEMING",
        "selected": true,
      },
      {
        "currentJobStoreId": "airline-food",
        "dreamJobStoreId": "airline-food",
        "issues": [],
        "name": "VICTOR MASON",
        "selected": true,
      },
    ],
    "fileName": "part1.json",
  },
  {
    "candidates": [
      {
        "currentJobStoreId": "floral-studio",
        "dreamJobStoreId": "floral-studio",
        "issues": [],
        "name": "AARON WARREN",
        "selected": true,
      },
      {
        "currentJobStoreId": "game-studio",
        "dreamJobStoreId": "bakery",
        "issues": [],
        "name": "ALICE THOMPSON",
        "selected": true,
      },
      {
        "currentJobStoreId": "architect-office",
        "dreamJobStoreId": "architect-office",
        "issues": [],
        "name": "BERNARD PAYNE",
        "selected": true,
      },
      {
        "currentJobStoreId": "fashion-studio",
        "dreamJobStoreId": "fashion-studio",
        "issues": [],
        "name": "DAISY SHELTON",
        "selected": true,
      },
      {
        "currentJobStoreId": "tv-studio",
        "dreamJobStoreId": "tv-studio",
        "issues": [],
        "name": "EUGENE SHELTON",
        "selected": true,
      },
      {
        "currentJobStoreId": "tv-studio",
        "dreamJobStoreId": "tv-studio",
        "issues": [],
        "name": "JEANNE BROOKS",
        "selected": true,
      },
      {
        "currentJobStoreId": "floral-studio",
        "dreamJobStoreId": "cake-studio",
        "issues": [],
        "name": "JIMMY HENRY",
        "selected": true,
      },
      {
        "currentJobStoreId": "soda-brewery",
        "dreamJobStoreId": "software-studio",
        "issues": [],
        "name": "JOY GREEN",
        "selected": true,
      },
      {
        "currentJobStoreId": "tattoo-parlor",
        "dreamJobStoreId": "tattoo-parlor",
        "issues": [],
        "name": "LUCILLE NGUYEN",
        "selected": true,
      },
      {
        "currentJobStoreId": "tv-studio",
        "dreamJobStoreId": "costume-shop",
        "issues": [],
        "name": "MILDRED NEAL",
        "selected": true,
      },
      {
        "currentJobStoreId": "game-studio",
        "dreamJobStoreId": "game-studio",
        "issues": [],
        "name": "NORA ORTIZ",
        "selected": true,
      },
      {
        "currentJobStoreId": "graphic-design",
        "dreamJobStoreId": "animation-studio",
        "issues": [],
        "name": "R KENNEDY",
        "selected": true,
      },
      {
        "currentJobStoreId": "fashion-studio",
        "dreamJobStoreId": "fashion-studio",
        "issues": [],
        "name": "RACHEL PERRY",
        "selected": true,
      },
      {
        "currentJobStoreId": "photo-studio",
        "dreamJobStoreId": "photo-studio",
        "issues": [],
        "name": "RANDY SUTTON",
        "selected": true,
      },
      {
        "currentJobStoreId": "wood-shop",
        "dreamJobStoreId": "glass-studio",
        "issues": [],
        "name": "S ROBERTSON",
        "selected": true,
      },
    ],
    "fileName": "part10.json",
  },
  {
    "candidates": [
      {
        "currentJobStoreId": "fancy-cuisine",
        "dreamJobStoreId": "sushi-bar",
        "issues": [],
        "name": "ANA MAY",
        "selected": true,
      },
      {
        "currentJobStoreId": "seafood",
        "dreamJobStoreId": "pancake-house",
        "issues": [],
        "name": "CLAUDIA PARKER",
        "selected": true,
      },
      {
        "currentJobStoreId": "mexican-food",
        "dreamJobStoreId": "archery-range",
        "issues": [],
        "name": "DEANNA COOK",
        "selected": true,
      },
      {
        "currentJobStoreId": "fancy-cuisine",
        "dreamJobStoreId": "fancy-cuisine",
        "issues": [],
        "name": "DWAYNE FISHER",
        "selected": true,
      },
      {
        "currentJobStoreId": "pub",
        "dreamJobStoreId": "sky-burger",
        "issues": [],
        "name": "HARVEY NELSON",
        "selected": true,
      },
      {
        "currentJobStoreId": "cheese-shop",
        "dreamJobStoreId": "cheese-shop",
        "issues": [],
        "name": "JEFFERY LONG",
        "selected": true,
      },
      {
        "currentJobStoreId": "fancy-cuisine",
        "dreamJobStoreId": "sushi-bar",
        "issues": [],
        "name": "JOEL WALLACE",
        "selected": true,
      },
      {
        "currentJobStoreId": "cheese-shop",
        "dreamJobStoreId": "cheese-shop",
        "issues": [],
        "name": "JORDAN TURNER",
        "selected": true,
      },
      {
        "currentJobStoreId": "seafood",
        "dreamJobStoreId": "italian-food",
        "issues": [],
        "name": "JOSEPH MURPHY",
        "selected": true,
      },
      {
        "currentJobStoreId": "vegan-food",
        "dreamJobStoreId": "pizza-place",
        "issues": [],
        "name": "KAREN MORRISON",
        "selected": true,
      },
      {
        "currentJobStoreId": "mexican-food",
        "dreamJobStoreId": "grocery-store",
        "issues": [],
        "name": "KYLE KELLEY",
        "selected": true,
      },
      {
        "currentJobStoreId": "airline-food",
        "dreamJobStoreId": "airline-food",
        "issues": [],
        "name": "LEO CARROLL",
        "selected": true,
      },
      {
        "currentJobStoreId": "bbq-place",
        "dreamJobStoreId": "sky-burger",
        "issues": [],
        "name": "MIKE HOLLAND",
        "selected": true,
      },
      {
        "currentJobStoreId": "vegan-food",
        "dreamJobStoreId": "theater",
        "issues": [],
        "name": "NEIL GREENE",
        "selected": true,
      },
      {
        "currentJobStoreId": "bbq-place",
        "dreamJobStoreId": "record-shop",
        "issues": [],
        "name": "RUBY CARROLL",
        "selected": true,
      },
      {
        "currentJobStoreId": "donut-shop",
        "dreamJobStoreId": "bakery",
        "issues": [],
        "name": "W MCDONALD",
        "selected": true,
      },
    ],
    "fileName": "part2.json",
  },
  {
    "candidates": [
      {
        "currentJobStoreId": "health-club",
        "dreamJobStoreId": "diner",
        "issues": [],
        "name": "ADRIAN MORENO",
        "selected": true,
      },
      {
        "currentJobStoreId": "laundromat",
        "dreamJobStoreId": "laundromat",
        "issues": [],
        "name": "ANTHONY BROOKS",
        "selected": true,
      },
      {
        "currentJobStoreId": "barber-shop",
        "dreamJobStoreId": "stock-exchange",
        "issues": [],
        "name": "CARLA CASTRO",
        "selected": true,
      },
      {
        "currentJobStoreId": "travel-agency",
        "dreamJobStoreId": "courthouse",
        "issues": [],
        "name": "CLYDE FOX",
        "selected": true,
      },
      {
        "currentJobStoreId": "fortune-teller",
        "dreamJobStoreId": "doctors-office",
        "issues": [],
        "name": "CURTIS SIMS",
        "selected": true,
      },
      {
        "currentJobStoreId": "circus",
        "dreamJobStoreId": "circus",
        "issues": [],
        "name": "HILDA CASTILLO",
        "selected": true,
      },
      {
        "currentJobStoreId": "recycling",
        "dreamJobStoreId": "private-eye",
        "issues": [],
        "name": "J MONTGOMERY",
        "selected": true,
      },
      {
        "currentJobStoreId": "laundromat",
        "dreamJobStoreId": "coffee-house",
        "issues": [],
        "name": "JAY HERNANDEZ",
        "selected": true,
      },
      {
        "currentJobStoreId": "dentists-office",
        "dreamJobStoreId": "ship-print",
        "issues": [],
        "name": "JOY GARDNER",
        "selected": true,
      },
      {
        "currentJobStoreId": "laundromat",
        "dreamJobStoreId": "mens-fashion",
        "issues": [],
        "name": "K DOUGLAS",
        "selected": true,
      },
      {
        "currentJobStoreId": "rock-climbing",
        "dreamJobStoreId": "rock-climbing",
        "issues": [],
        "name": "LANCE BOYD",
        "selected": true,
      },
      {
        "currentJobStoreId": "dentists-office",
        "dreamJobStoreId": "wedding-chapel",
        "issues": [],
        "name": "M WALKER",
        "selected": true,
      },
      {
        "currentJobStoreId": "bank",
        "dreamJobStoreId": "mechanic",
        "issues": [],
        "name": "MARCIA ROSE",
        "selected": true,
      },
      {
        "currentJobStoreId": "fortune-teller",
        "dreamJobStoreId": "wedding-chapel",
        "issues": [],
        "name": "P HOFFMAN",
        "selected": true,
      },
      {
        "currentJobStoreId": "fortune-teller",
        "dreamJobStoreId": "plumber",
        "issues": [],
        "name": "PHILIP SNYDER",
        "selected": true,
      },
      {
        "currentJobStoreId": "recycling",
        "dreamJobStoreId": "courthouse",
        "issues": [],
        "name": "STELLA HUNT",
        "selected": true,
      },
    ],
    "fileName": "part3.json",
  },
  {
    "candidates": [
      {
        "currentJobStoreId": "park",
        "dreamJobStoreId": "park",
        "issues": [],
        "name": "ALLAN SANDERS",
        "selected": true,
      },
      {
        "currentJobStoreId": "volleyball-club",
        "dreamJobStoreId": "archery-range",
        "issues": [],
        "name": "ANNA BARRETT",
        "selected": true,
      },
      {
        "currentJobStoreId": "paintball-arena",
        "dreamJobStoreId": "cineplex",
        "issues": [],
        "name": "BESSIE GORDON",
        "selected": true,
      },
      {
        "currentJobStoreId": "video-rental",
        "dreamJobStoreId": "karaoke-club",
        "issues": [],
        "name": "CLAUDIA TUCKER",
        "selected": true,
      },
      {
        "currentJobStoreId": "volleyball-club",
        "dreamJobStoreId": "volleyball-club",
        "issues": [],
        "name": "DAWN LARSON",
        "selected": true,
      },
      {
        "currentJobStoreId": "paintball-arena",
        "dreamJobStoreId": "theater",
        "issues": [],
        "name": "ELLA BURTON",
        "selected": true,
      },
      {
        "currentJobStoreId": "arcade",
        "dreamJobStoreId": "arcade",
        "issues": [],
        "name": "ERICA TORRES",
        "selected": true,
      },
      {
        "currentJobStoreId": "circus",
        "dreamJobStoreId": "circus",
        "issues": [],
        "name": "F ELLIOTT",
        "selected": true,
      },
      {
        "currentJobStoreId": "video-rental",
        "dreamJobStoreId": "archery-range",
        "issues": [],
        "name": "HECTOR MILES",
        "selected": true,
      },
      {
        "currentJobStoreId": "bowling-alley",
        "dreamJobStoreId": "bowling-alley",
        "issues": [],
        "name": "LISA HAWKINS",
        "selected": true,
      },
      {
        "currentJobStoreId": "haunted-house",
        "dreamJobStoreId": "racquetball",
        "issues": [],
        "name": "LYNN DOUGLAS",
        "selected": true,
      },
      {
        "currentJobStoreId": "paintball-arena",
        "dreamJobStoreId": "planetarium",
        "issues": [],
        "name": "PETER AUSTIN",
        "selected": true,
      },
      {
        "currentJobStoreId": "park",
        "dreamJobStoreId": "park",
        "issues": [],
        "name": "R MARTINEZ",
        "selected": true,
      },
      {
        "currentJobStoreId": "arcade",
        "dreamJobStoreId": "arcade",
        "issues": [],
        "name": "RYAN MORALES",
        "selected": true,
      },
      {
        "currentJobStoreId": "mini-golf",
        "dreamJobStoreId": "mini-golf",
        "issues": [],
        "name": "SHARON GILBERT",
        "selected": true,
      },
      {
        "currentJobStoreId": "haunted-house",
        "dreamJobStoreId": "ship-print",
        "issues": [],
        "name": "VERA FOX",
        "selected": true,
      },
    ],
    "fileName": "part4.json",
  },
  {
    "candidates": [
      {
        "currentJobStoreId": "mini-golf",
        "dreamJobStoreId": "archery-range",
        "issues": [],
        "name": "ANNA ADAMS",
        "selected": true,
      },
      {
        "currentJobStoreId": null,
        "dreamJobStoreId": "aquarium",
        "issues": [],
        "name": "C NGUY N",
        "selected": true,
      },
      {
        "currentJobStoreId": "rock-climbing",
        "dreamJobStoreId": "rock-climbing",
        "issues": [],
        "name": "CINDY GRAVES",
        "selected": true,
      },
      {
        "currentJobStoreId": "park",
        "dreamJobStoreId": "casino",
        "issues": [],
        "name": "DARREN JORDAN",
        "selected": true,
      },
      {
        "currentJobStoreId": "video-rental",
        "dreamJobStoreId": "video-rental",
        "issues": [],
        "name": "DIANE JENSEN",
        "selected": true,
      },
      {
        "currentJobStoreId": "aquarium",
        "dreamJobStoreId": "aquarium",
        "issues": [],
        "name": "E WILLIAMSON",
        "selected": true,
      },
      {
        "currentJobStoreId": "mini-golf",
        "dreamJobStoreId": "casino",
        "issues": [],
        "name": "ERIK SILVA",
        "selected": true,
      },
      {
        "currentJobStoreId": "aquarium",
        "dreamJobStoreId": "aquarium",
        "issues": [],
        "name": "GORDON HUGHES",
        "selected": true,
      },
      {
        "currentJobStoreId": "rock-climbing",
        "dreamJobStoreId": "rock-climbing",
        "issues": [],
        "name": "KENT GRIFFIN",
        "selected": true,
      },
      {
        "currentJobStoreId": "golf-sim",
        "dreamJobStoreId": "golf-sim",
        "issues": [],
        "name": "L RODRIGUEZ",
        "selected": true,
      },
      {
        "currentJobStoreId": "haunted-house",
        "dreamJobStoreId": "theater",
        "issues": [],
        "name": "PATRICK BREWER",
        "selected": true,
      },
      {
        "currentJobStoreId": "arcade",
        "dreamJobStoreId": "arcade",
        "issues": [],
        "name": "PAUL GARDNER",
        "selected": true,
      },
      {
        "currentJobStoreId": "circus",
        "dreamJobStoreId": "surf-shop",
        "issues": [],
        "name": "SHANE PORTER",
        "selected": true,
      },
      {
        "currentJobStoreId": "golf-sim",
        "dreamJobStoreId": "golf-sim",
        "issues": [],
        "name": "STACY SCHMIDT",
        "selected": true,
      },
      {
        "currentJobStoreId": "volleyball-club",
        "dreamJobStoreId": "volleyball-club",
        "issues": [],
        "name": "TERRY GILBERT",
        "selected": true,
      },
      {
        "currentJobStoreId": "bowling-alley",
        "dreamJobStoreId": "cyber-cafe",
        "issues": [],
        "name": "VICTOR BROWN",
        "selected": true,
      },
    ],
    "fileName": "part5.json",
  },
  {
    "candidates": [
      {
        "currentJobStoreId": "bowling-alley",
        "dreamJobStoreId": "karaoke-club",
        "issues": [],
        "name": "A WILLIAMS",
        "selected": true,
      },
      {
        "currentJobStoreId": "shoe-store",
        "dreamJobStoreId": "shoe-store",
        "issues": [],
        "name": "B HENDERSON",
        "selected": true,
      },
      {
        "currentJobStoreId": "game-store",
        "dreamJobStoreId": "game-store",
        "issues": [],
        "name": "E ELLIOTT",
        "selected": true,
      },
      {
        "currentJobStoreId": "furniture-store",
        "dreamJobStoreId": "furniture-store",
        "issues": [],
        "name": "ENRIQUE FOWLER",
        "selected": true,
      },
      {
        "currentJobStoreId": "pet-shop",
        "dreamJobStoreId": "pet-shop",
        "issues": [],
        "name": "JOSEPH PENA",
        "selected": true,
      },
      {
        "currentJobStoreId": "fabric-shop",
        "dreamJobStoreId": "fabric-shop",
        "issues": [],
        "name": "KARL LAWSON",
        "selected": true,
      },
      {
        "currentJobStoreId": "furniture-store",
        "dreamJobStoreId": "robot-store",
        "issues": [],
        "name": "LEWIS BRYANT",
        "selected": true,
      },
      {
        "currentJobStoreId": "comic-store",
        "dreamJobStoreId": "book-store",
        "issues": [],
        "name": "LOUIS STONE",
        "selected": true,
      },
      {
        "currentJobStoreId": "tech-store",
        "dreamJobStoreId": "candle-shop",
        "issues": [],
        "name": "MELINDA WEAVER",
        "selected": true,
      },
      {
        "currentJobStoreId": "bike-shop",
        "dreamJobStoreId": "record-shop",
        "issues": [],
        "name": "MYRTLE SHAW",
        "selected": true,
      },
      {
        "currentJobStoreId": "hat-shop",
        "dreamJobStoreId": "hat-shop",
        "issues": [],
        "name": "NORMAN FOX",
        "selected": true,
      },
      {
        "currentJobStoreId": "music-store",
        "dreamJobStoreId": "auto-dealer",
        "issues": [],
        "name": "ROBERTA MURPHY",
        "selected": true,
      },
      {
        "currentJobStoreId": "comic-store",
        "dreamJobStoreId": "auto-dealer",
        "issues": [],
        "name": "ROSE PERKINS",
        "selected": true,
      },
      {
        "currentJobStoreId": "golf-sim",
        "dreamJobStoreId": "museum",
        "issues": [],
        "name": "SHIRLEY FOWLER",
        "selected": true,
      },
      {
        "currentJobStoreId": "pet-shop",
        "dreamJobStoreId": "auto-dealer",
        "issues": [],
        "name": "VERNON BYRD",
        "selected": true,
      },
      {
        "currentJobStoreId": "furniture-store",
        "dreamJobStoreId": "furniture-store",
        "issues": [],
        "name": "Y ARMSTRONG",
        "selected": true,
      },
    ],
    "fileName": "part6.json",
  },
  {
    "candidates": [
      {
        "currentJobStoreId": "toy-store",
        "dreamJobStoreId": "toy-store",
        "issues": [],
        "name": "ANNIE PEARSON",
        "selected": true,
      },
      {
        "currentJobStoreId": "shoe-store",
        "dreamJobStoreId": "shoe-store",
        "issues": [],
        "name": "BARBARA SUTTON",
        "selected": true,
      },
      {
        "currentJobStoreId": "tech-store",
        "dreamJobStoreId": "tech-store",
        "issues": [],
        "name": "BRAD GIBSON",
        "selected": true,
      },
      {
        "currentJobStoreId": "music-store",
        "dreamJobStoreId": "music-store",
        "issues": [],
        "name": "BRENDA SANCHEZ",
        "selected": true,
      },
      {
        "currentJobStoreId": "mapple-store",
        "dreamJobStoreId": "mapple-store",
        "issues": [],
        "name": "DENISE KNIGHT",
        "selected": true,
      },
      {
        "currentJobStoreId": "music-store",
        "dreamJobStoreId": "music-store",
        "issues": [],
        "name": "FRANCIS OLIVER",
        "selected": true,
      },
      {
        "currentJobStoreId": "game-store",
        "dreamJobStoreId": "game-store",
        "issues": [],
        "name": "GEORGE LUCAS",
        "selected": true,
      },
      {
        "currentJobStoreId": "bike-shop",
        "dreamJobStoreId": "record-shop",
        "issues": [],
        "name": "HOLLY TURNER",
        "selected": true,
      },
      {
        "currentJobStoreId": "toy-store",
        "dreamJobStoreId": "auto-dealer",
        "issues": [],
        "name": "JANE DIAZ",
        "selected": true,
      },
      {
        "currentJobStoreId": "shoe-store",
        "dreamJobStoreId": "shoe-store",
        "issues": [],
        "name": "JULIE DOUGLAS",
        "selected": true,
      },
      {
        "currentJobStoreId": "home-supply",
        "dreamJobStoreId": "jewelry-store",
        "issues": [],
        "name": "M HARRISON",
        "selected": true,
      },
      {
        "currentJobStoreId": "tech-store",
        "dreamJobStoreId": "robot-store",
        "issues": [],
        "name": "MARLENE HARVEY",
        "selected": true,
      },
      {
        "currentJobStoreId": "mapple-store",
        "dreamJobStoreId": "golf-sim",
        "issues": [],
        "name": "MATTIE DANIELS",
        "selected": true,
      },
      {
        "currentJobStoreId": "home-supply",
        "dreamJobStoreId": "mens-fashion",
        "issues": [],
        "name": "PAMELA WHITE",
        "selected": true,
      },
      {
        "currentJobStoreId": "pet-shop",
        "dreamJobStoreId": "pet-shop",
        "issues": [],
        "name": "SHERRI SCOTT",
        "selected": true,
      },
      {
        "currentJobStoreId": "fabric-shop",
        "dreamJobStoreId": "fabric-shop",
        "issues": [],
        "name": "WAYNE REED",
        "selected": true,
      },
    ],
    "fileName": "part7.json",
  },
  {
    "candidates": [
      {
        "currentJobStoreId": "photo-studio",
        "dreamJobStoreId": "costume-shop",
        "issues": [],
        "name": "ANN BREWER",
        "selected": true,
      },
      {
        "currentJobStoreId": "pottery-studio",
        "dreamJobStoreId": "clockmaker",
        "issues": [],
        "name": "CARLA LOWE",
        "selected": true,
      },
      {
        "currentJobStoreId": "architect-office",
        "dreamJobStoreId": "art-studio",
        "issues": [],
        "name": "CINDY COLLINS",
        "selected": true,
      },
      {
        "currentJobStoreId": "toy-store",
        "dreamJobStoreId": "toy-store",
        "issues": [],
        "name": "DEBORAH REYES",
        "selected": true,
      },
      {
        "currentJobStoreId": "mapple-store",
        "dreamJobStoreId": "jewelry-store",
        "issues": [],
        "name": "DUSTIN BROWN",
        "selected": true,
      },
      {
        "currentJobStoreId": "game-store",
        "dreamJobStoreId": "game-store",
        "issues": [],
        "name": "E REYNOLDS",
        "selected": true,
      },
      {
        "currentJobStoreId": "fabric-shop",
        "dreamJobStoreId": "grocery-store",
        "issues": [],
        "name": "ELSIE BRYANT",
        "selected": true,
      },
      {
        "currentJobStoreId": "bike-shop",
        "dreamJobStoreId": "candle-shop",
        "issues": [],
        "name": "FRANK MILLS",
        "selected": true,
      },
      {
        "currentJobStoreId": "comic-store",
        "dreamJobStoreId": "comic-store",
        "issues": [],
        "name": "GLENN JENSEN",
        "selected": true,
      },
      {
        "currentJobStoreId": "soda-brewery",
        "dreamJobStoreId": "soda-brewery",
        "issues": [],
        "name": "JEREMY HORTON",
        "selected": true,
      },
      {
        "currentJobStoreId": "pottery-studio",
        "dreamJobStoreId": "museum",
        "issues": [],
        "name": "JERRY CARROLL",
        "selected": true,
      },
      {
        "currentJobStoreId": "hat-shop",
        "dreamJobStoreId": "hat-shop",
        "issues": [],
        "name": "LARRY SCHMIDT",
        "selected": true,
      },
      {
        "currentJobStoreId": "wood-shop",
        "dreamJobStoreId": "wood-shop",
        "issues": [],
        "name": "SAMANTHA HART",
        "selected": true,
      },
      {
        "currentJobStoreId": "wood-shop",
        "dreamJobStoreId": "film-studio",
        "issues": [],
        "name": "TED REED",
        "selected": true,
      },
      {
        "currentJobStoreId": "home-supply",
        "dreamJobStoreId": "home-supply",
        "issues": [],
        "name": "TRAVIS RICE",
        "selected": true,
      },
      {
        "currentJobStoreId": "hat-shop",
        "dreamJobStoreId": "hat-shop",
        "issues": [],
        "name": "VALERIE HOLMES",
        "selected": true,
      },
    ],
    "fileName": "part8.json",
  },
  {
    "candidates": [
      {
        "currentJobStoreId": "soda-brewery",
        "dreamJobStoreId": "soda-brewery",
        "issues": [],
        "name": "AMANDA COOK",
        "selected": true,
      },
      {
        "currentJobStoreId": "architect-office",
        "dreamJobStoreId": "architect-office",
        "issues": [],
        "name": "BERNARD PAYNE",
        "selected": true,
      },
      {
        "currentJobStoreId": "graphic-design",
        "dreamJobStoreId": "coffee-house",
        "issues": [],
        "name": "C JENKINS",
        "selected": true,
      },
      {
        "currentJobStoreId": "photo-studio",
        "dreamJobStoreId": "chocolatier",
        "issues": [],
        "name": "CARLOS SILVA",
        "selected": true,
      },
      {
        "currentJobStoreId": "tattoo-parlor",
        "dreamJobStoreId": "animation-studio",
        "issues": [],
        "name": "DEREK CHAVEZ",
        "selected": true,
      },
      {
        "currentJobStoreId": "pottery-studio",
        "dreamJobStoreId": "pottery-studio",
        "issues": [],
        "name": "J ROBERTS",
        "selected": true,
      },
      {
        "currentJobStoreId": "floral-studio",
        "dreamJobStoreId": "cake-studio",
        "issues": [],
        "name": "JIMMY HENRY",
        "selected": true,
      },
      {
        "currentJobStoreId": "game-studio",
        "dreamJobStoreId": "surf-shop",
        "issues": [],
        "name": "JORDAN FLEMING",
        "selected": true,
      },
      {
        "currentJobStoreId": "fashion-studio",
        "dreamJobStoreId": "fashion-studio",
        "issues": [],
        "name": "JULIO WILSON",
        "selected": true,
      },
      {
        "currentJobStoreId": "floral-studio",
        "dreamJobStoreId": "floral-studio",
        "issues": [],
        "name": "KENT LOWE",
        "selected": true,
      },
      {
        "currentJobStoreId": "tattoo-parlor",
        "dreamJobStoreId": "tattoo-parlor",
        "issues": [],
        "name": "LUCILLE NGUYEN",
        "selected": true,
      },
      {
        "currentJobStoreId": "graphic-design",
        "dreamJobStoreId": "archery-range",
        "issues": [],
        "name": "MARGARET DAVIS",
        "selected": true,
      },
      {
        "currentJobStoreId": "tv-studio",
        "dreamJobStoreId": "costume-shop",
        "issues": [],
        "name": "MILDRED NEAL",
        "selected": true,
      },
      {
        "currentJobStoreId": "wood-shop",
        "dreamJobStoreId": "glass-studio",
        "issues": [],
        "name": "S ROBERTSON",
        "selected": true,
      },
      {
        "currentJobStoreId": "architect-office",
        "dreamJobStoreId": "cake-studio",
        "issues": [],
        "name": "SHANNON BAILEY",
        "selected": true,
      },
      {
        "currentJobStoreId": "tattoo-parlor",
        "dreamJobStoreId": "cake-studio",
        "issues": [],
        "name": "WESLEY HUNT",
        "selected": true,
      },
    ],
    "fileName": "part9.json",
  },
]
`;
