// Vitest Snapshot v1, https://vitest.dev/guide/snapshot.html

exports[`OCR fixtures (golden) > keeps parsing stable for all saved fixtures 1`] = `
[
  {
    "candidates": [
      {
        "currentJobStoreId": "soda-brewery",
        "dreamJobStoreId": "cake-studio",
        "issues": [],
        "name": "Alice Wonderland",
        "selected": true,
      },
    ],
    "fileName": "example.json",
  },
  {
    "candidates": [
      {
        "currentJobStoreId": null,
        "dreamJobStoreId": "bowling-alley",
        "issues": [],
        "name": "A MCKINNEY",
        "selected": true,
      },
      {
        "currentJobStoreId": "donut-shop",
        "dreamJobStoreId": "donut-shop",
        "issues": [],
        "name": "AMBER MILLER",
        "selected": true,
      },
      {
        "currentJobStoreId": "seafood",
        "dreamJobStoreId": "seafood",
        "issues": [],
        "name": "ANDY BELL",
        "selected": true,
      },
      {
        "currentJobStoreId": "mexican-food",
        "dreamJobStoreId": "sky-burger",
        "issues": [],
        "name": "ANNA BRYANT",
        "selected": true,
      },
      {
        "currentJobStoreId": "pub",
        "dreamJobStoreId": "pub",
        "issues": [],
        "name": "B CUNNINGHAM",
        "selected": true,
      },
      {
        "currentJobStoreId": "cheese-shop",
        "dreamJobStoreId": "night-club",
        "issues": [],
        "name": "BOB MARTIN",
        "selected": true,
      },
      {
        "currentJobStoreId": "bbq-place",
        "dreamJobStoreId": "smoothie-shop",
        "issues": [],
        "name": "BRYAN PEARSON",
        "selected": true,
      },
      {
        "currentJobStoreId": null,
        "dreamJobStoreId": "paintball-arena",
        "issues": [],
        "name": "ISAAC FRANKLIN",
        "selected": true,
      },
      {
        "currentJobStoreId": "pub",
        "dreamJobStoreId": "pub",
        "issues": [],
        "name": "LAURIE CHAVEZ",
        "selected": true,
      },
      {
        "currentJobStoreId": "airline-food",
        "dreamJobStoreId": "airline-food",
        "issues": [],
        "name": "NATHAN FLEMING",
        "selected": true,
      },
      {
        "currentJobStoreId": "vegan-food",
        "dreamJobStoreId": "vegan-food",
        "issues": [],
        "name": "RAMON STONE",
        "selected": true,
      },
      {
        "currentJobStoreId": "donut-shop",
        "dreamJobStoreId": "donut-shop",
        "issues": [],
        "name": "RENE HART",
        "selected": true,
      },
      {
        "currentJobStoreId": null,
        "dreamJobStoreId": "night-club",
        "issues": [],
        "name": "RONNIE WADE",
        "selected": true,
      },
      {
        "currentJobStoreId": null,
        "dreamJobStoreId": "cineplex",
        "issues": [],
        "name": "TOMMY MAY",
        "selected": true,
      },
      {
        "currentJobStoreId": null,
        "dreamJobStoreId": "cineplex",
        "issues": [],
        "name": "V FLEMING",
        "selected": true,
      },
      {
        "currentJobStoreId": "airline-food",
        "dreamJobStoreId": "airline-food",
        "issues": [],
        "name": "VICTOR MASON",
        "selected": true,
      },
    ],
    "fileName": "part1.json",
  },
  {
    "candidates": [
      {
        "currentJobStoreId": "fancy-cuisine",
        "dreamJobStoreId": "sushi-bar",
        "issues": [],
        "name": "ANA MAY",
        "selected": true,
      },
      {
        "currentJobStoreId": "seafood",
        "dreamJobStoreId": "pancake-house",
        "issues": [],
        "name": "CLAUDIA PARKER",
        "selected": true,
      },
      {
        "currentJobStoreId": "mexican-food",
        "dreamJobStoreId": "archery-range",
        "issues": [],
        "name": "DEANNA COOK",
        "selected": true,
      },
      {
        "currentJobStoreId": "fancy-cuisine",
        "dreamJobStoreId": "fancy-cuisine",
        "issues": [],
        "name": "DWAYNE FISHER",
        "selected": true,
      },
      {
        "currentJobStoreId": "pub",
        "dreamJobStoreId": "sky-burger",
        "issues": [],
        "name": "HARVEY NELSON",
        "selected": true,
      },
      {
        "currentJobStoreId": "cheese-shop",
        "dreamJobStoreId": "cheese-shop",
        "issues": [],
        "name": "JEFFERY LONG",
        "selected": true,
      },
      {
        "currentJobStoreId": "fancy-cuisine",
        "dreamJobStoreId": "sushi-bar",
        "issues": [],
        "name": "JOEL WALLACE",
        "selected": true,
      },
      {
        "currentJobStoreId": "cheese-shop",
        "dreamJobStoreId": "cheese-shop",
        "issues": [],
        "name": "JORDAN TURNER",
        "selected": true,
      },
      {
        "currentJobStoreId": "seafood",
        "dreamJobStoreId": "italian-food",
        "issues": [],
        "name": "JOSEPH MURPHY",
        "selected": true,
      },
      {
        "currentJobStoreId": "vegan-food",
        "dreamJobStoreId": "pizza-place",
        "issues": [],
        "name": "KAREN MORRISON",
        "selected": true,
      },
      {
        "currentJobStoreId": "mexican-food",
        "dreamJobStoreId": "grocery-store",
        "issues": [],
        "name": "KYLE KELLEY",
        "selected": true,
      },
      {
        "currentJobStoreId": "airline-food",
        "dreamJobStoreId": "airline-food",
        "issues": [],
        "name": "LEO CARROLL",
        "selected": true,
      },
      {
        "currentJobStoreId": "bbq-place",
        "dreamJobStoreId": "sky-burger",
        "issues": [],
        "name": "MIKE HOLLAND",
        "selected": true,
      },
      {
        "currentJobStoreId": "vegan-food",
        "dreamJobStoreId": "theater",
        "issues": [],
        "name": "NEIL GREENE",
        "selected": true,
      },
      {
        "currentJobStoreId": "bbq-place",
        "dreamJobStoreId": "record-shop",
        "issues": [],
        "name": "RUBY CARROLL",
        "selected": true,
      },
      {
        "currentJobStoreId": "donut-shop",
        "dreamJobStoreId": "bakery",
        "issues": [],
        "name": "W MCDONALD",
        "selected": true,
      },
    ],
    "fileName": "part2.json",
  },
  {
    "candidates": [
      {
        "currentJobStoreId": "health-club",
        "dreamJobStoreId": "diner",
        "issues": [],
        "name": "ADRIAN MORENO",
        "selected": true,
      },
      {
        "currentJobStoreId": "laundromat",
        "dreamJobStoreId": "laundromat",
        "issues": [],
        "name": "ANTHONY BROOKS",
        "selected": true,
      },
      {
        "currentJobStoreId": "barber-shop",
        "dreamJobStoreId": "stock-exchange",
        "issues": [],
        "name": "CARLA CASTRO",
        "selected": true,
      },
      {
        "currentJobStoreId": "travel-agency",
        "dreamJobStoreId": "courthouse",
        "issues": [],
        "name": "CLYDE FOX",
        "selected": true,
      },
      {
        "currentJobStoreId": "fortune-teller",
        "dreamJobStoreId": "doctors-office",
        "issues": [],
        "name": "CURTIS SIMS",
        "selected": true,
      },
      {
        "currentJobStoreId": "circus",
        "dreamJobStoreId": "circus",
        "issues": [],
        "name": "HILDA CASTILLO",
        "selected": true,
      },
      {
        "currentJobStoreId": "recycling",
        "dreamJobStoreId": "private-eye",
        "issues": [],
        "name": "J MONTGOMERY",
        "selected": true,
      },
      {
        "currentJobStoreId": "laundromat",
        "dreamJobStoreId": "coffee-house",
        "issues": [],
        "name": "JAY HERNANDEZ",
        "selected": true,
      },
      {
        "currentJobStoreId": "dentists-office",
        "dreamJobStoreId": "ship-print",
        "issues": [],
        "name": "JOY GARDNER",
        "selected": true,
      },
      {
        "currentJobStoreId": "laundromat",
        "dreamJobStoreId": "mens-fashion",
        "issues": [],
        "name": "K DOUGLAS",
        "selected": true,
      },
      {
        "currentJobStoreId": "rock-climbing",
        "dreamJobStoreId": "rock-climbing",
        "issues": [],
        "name": "LANCE BOYD",
        "selected": true,
      },
      {
        "currentJobStoreId": "dentists-office",
        "dreamJobStoreId": "wedding-chapel",
        "issues": [],
        "name": "M WALKER",
        "selected": true,
      },
      {
        "currentJobStoreId": "bank",
        "dreamJobStoreId": "mechanic",
        "issues": [],
        "name": "MARCIA ROSE",
        "selected": true,
      },
      {
        "currentJobStoreId": "fortune-teller",
        "dreamJobStoreId": "wedding-chapel",
        "issues": [],
        "name": "P HOFFMAN",
        "selected": true,
      },
      {
        "currentJobStoreId": "fortune-teller",
        "dreamJobStoreId": "plumber",
        "issues": [],
        "name": "PHILIP SNYDER",
        "selected": true,
      },
      {
        "currentJobStoreId": "recycling",
        "dreamJobStoreId": "courthouse",
        "issues": [],
        "name": "STELLA HUNT",
        "selected": true,
      },
    ],
    "fileName": "part3.json",
  },
]
`;
