// Vitest Snapshot v1, https://vitest.dev/guide/snapshot.html

exports[`OCR fixtures (golden) > keeps parsing stable for all saved fixtures 1`] = `
[
  {
    "candidates": [
      {
        "currentJobStoreId": "soda-brewery",
        "dreamJobStoreId": "cake-studio",
        "issues": [],
        "name": "Alice Wonderland",
        "selected": true,
      },
    ],
    "fileName": "example.json",
  },
  {
    "candidates": [
      {
        "currentJobStoreId": null,
        "dreamJobStoreId": "bowling-alley",
        "issues": [],
        "name": "A MCKINNEY",
        "selected": true,
      },
      {
        "currentJobStoreId": "donut-shop",
        "dreamJobStoreId": "donut-shop",
        "issues": [],
        "name": "AMBER MILLER",
        "selected": true,
      },
      {
        "currentJobStoreId": "seafood",
        "dreamJobStoreId": "seafood",
        "issues": [],
        "name": "ANDY BELL",
        "selected": true,
      },
      {
        "currentJobStoreId": "mexican-food",
        "dreamJobStoreId": "sky-burger",
        "issues": [],
        "name": "ANNA BRYANT",
        "selected": true,
      },
      {
        "currentJobStoreId": "pub",
        "dreamJobStoreId": "pub",
        "issues": [],
        "name": "B CUNNINGHAM",
        "selected": true,
      },
      {
        "currentJobStoreId": "cheese-shop",
        "dreamJobStoreId": "night-club",
        "issues": [],
        "name": "BOB MARTIN",
        "selected": true,
      },
      {
        "currentJobStoreId": "bbq-place",
        "dreamJobStoreId": "smoothie-shop",
        "issues": [],
        "name": "BRYAN PEARSON",
        "selected": true,
      },
      {
        "currentJobStoreId": null,
        "dreamJobStoreId": "paintball-arena",
        "issues": [],
        "name": "ISAAC FRANKLIN",
        "selected": true,
      },
      {
        "currentJobStoreId": "pub",
        "dreamJobStoreId": "pub",
        "issues": [],
        "name": "LAURIE CHAVEZ",
        "selected": true,
      },
      {
        "currentJobStoreId": null,
        "dreamJobStoreId": "airline-food",
        "issues": [],
        "name": "NATHAN FLEMING",
        "selected": true,
      },
      {
        "currentJobStoreId": "vegan-food",
        "dreamJobStoreId": "vegan-food",
        "issues": [],
        "name": "RAMON STONE",
        "selected": true,
      },
      {
        "currentJobStoreId": "donut-shop",
        "dreamJobStoreId": "donut-shop",
        "issues": [],
        "name": "RENE HART",
        "selected": true,
      },
      {
        "currentJobStoreId": null,
        "dreamJobStoreId": "night-club",
        "issues": [],
        "name": "RONNIE WADE",
        "selected": true,
      },
      {
        "currentJobStoreId": null,
        "dreamJobStoreId": "cineplex",
        "issues": [],
        "name": "TOMMY MAY",
        "selected": true,
      },
      {
        "currentJobStoreId": null,
        "dreamJobStoreId": "cineplex",
        "issues": [],
        "name": "V FLEMING",
        "selected": true,
      },
      {
        "currentJobStoreId": "airline-food",
        "dreamJobStoreId": "airline-food",
        "issues": [],
        "name": "VICTOR MASON",
        "selected": true,
      },
    ],
    "fileName": "part1.json",
  },
  {
    "candidates": [
      {
        "currentJobStoreId": "fancy-cuisine",
        "dreamJobStoreId": "sushi-bar",
        "issues": [],
        "name": "ANA MAY",
        "selected": true,
      },
      {
        "currentJobStoreId": "seafood",
        "dreamJobStoreId": "pancake-house",
        "issues": [],
        "name": "CLAUDIA",
        "selected": true,
      },
      {
        "currentJobStoreId": "mexican-food",
        "dreamJobStoreId": "archery-range",
        "issues": [],
        "name": "DEANNA COOK",
        "selected": true,
      },
      {
        "currentJobStoreId": null,
        "dreamJobStoreId": "fancy-cuisine",
        "issues": [],
        "name": "DWAYNE FISHER",
        "selected": true,
      },
      {
        "currentJobStoreId": "pub",
        "dreamJobStoreId": "sky-burger",
        "issues": [],
        "name": "HARVEY NELSON",
        "selected": true,
      },
      {
        "currentJobStoreId": "cheese-shop",
        "dreamJobStoreId": "cheese-shop",
        "issues": [],
        "name": "JEFFERY LONG",
        "selected": true,
      },
      {
        "currentJobStoreId": "fancy-cuisine",
        "dreamJobStoreId": "sushi-bar",
        "issues": [],
        "name": "JOEL WALLACE",
        "selected": true,
      },
      {
        "currentJobStoreId": "cheese-shop",
        "dreamJobStoreId": "cheese-shop",
        "issues": [],
        "name": "JORDAN TURNER",
        "selected": true,
      },
      {
        "currentJobStoreId": "seafood",
        "dreamJobStoreId": "italian-food",
        "issues": [],
        "name": "JOSEPH MURPHY",
        "selected": true,
      },
      {
        "currentJobStoreId": "vegan-food",
        "dreamJobStoreId": "pizza-place",
        "issues": [],
        "name": "KAREN MORRISON",
        "selected": true,
      },
      {
        "currentJobStoreId": "mexican-food",
        "dreamJobStoreId": "grocery-store",
        "issues": [],
        "name": "KYLE KELLEY",
        "selected": true,
      },
      {
        "currentJobStoreId": "airline-food",
        "dreamJobStoreId": "airline-food",
        "issues": [],
        "name": "LEO CARROLL",
        "selected": true,
      },
      {
        "currentJobStoreId": "bbq-place",
        "dreamJobStoreId": "sky-burger",
        "issues": [],
        "name": "MIKE HOLLAND",
        "selected": true,
      },
      {
        "currentJobStoreId": "vegan-food",
        "dreamJobStoreId": "theater",
        "issues": [],
        "name": "NEIL GREENE",
        "selected": true,
      },
      {
        "currentJobStoreId": "bbq-place",
        "dreamJobStoreId": "record-shop",
        "issues": [],
        "name": "RUBY CARROLL",
        "selected": true,
      },
      {
        "currentJobStoreId": "donut-shop",
        "dreamJobStoreId": "bakery",
        "issues": [],
        "name": "W MCDONALD",
        "selected": true,
      },
    ],
    "fileName": "part2.json",
  },
]
`;
